Godot Engine v4.5.1.stable.official.f62fdbde1 - https://godotengine.org
OpenGL API 3.3.0 - Build 27.20.100.9415 - Compatibility - Using Device: Intel - Intel(R) Iris(R) Xe Graphics

[NANO-NET] ReconnectController initialized successfully.
[NANO-NET] SessionRecovery coordinator initialized successfully.
[NANO-NET] Nano NetworkManager ready.
[CharacterRegistry] Registered 4 characters
[MapRegistry]   + CLASSIC -> 碎空岛·原野
WARNING: res://prefabs/map/procedural_map/procedural_map.tscn:5 - ext_resource, invalid UID: uid://c410313f8qlyr - using text path instead: res://prefabs/map/map_winter/res/All Tiles Free Ver.png
   at: load (scene/resources/resource_format_text.cpp:444)
   GDScript backtrace (most recent call first):
       [0] _scan_maps (res://autoloads/map_registry.gd:28)
       [1] _ready (res://autoloads/map_registry.gd:17)
WARNING: res://prefabs/map/procedural_map/procedural_map.tscn:6 - ext_resource, invalid UID: uid://g1m250w7l15w - using text path instead: res://prefabs/map/map_winter/res/TilesetFloor.png
   at: load (scene/resources/resource_format_text.cpp:444)
   GDScript backtrace (most recent call first):
       [0] _scan_maps (res://autoloads/map_registry.gd:28)
       [1] _ready (res://autoloads/map_registry.gd:17)
[MapRegistry]   + PROCEDURAL -> 随机地图
[MapRegistry]   + WINTER -> 碎空岛·极寒
[MapRegistry] Registered 3 maps: ["CLASSIC", "PROCEDURAL", "WINTER"]
[FONT] Global Theme created and fallback_font set directly to custom font: res://assets/fonts/lmm.ttf
McpInteractionServer: Listening on 127.0.0.1:9091
[NANO-NET] Handshake received, sending ACK...
[NANO-NET] Route: User.Register Ms[NANO-NET] Application focus in. Checking connection stability...
[NANO-NET] Window close requested — sending graceful Room.Leave...
McpInteractionServer: Stopped
fig":[],"presets":[],"is_first_game":true,"played_time":0,"last_login_time":"2026-06-11 01:27:05"}}
[USER] Session authenticated successfully for user: qaz
[GlobalPlayerData] Profile synced from server
[GlobalPlayerData] Syncing Backpack: 0 items
[GlobalPlayerData] Syncing Stash: 0 items
[UIManager] Switching to scene: lobby
[NANO-NET] Route: User.GetProfile Msg: {"id":8,"name":"qaz","coins":500,"inventory":[],"backpack_config":[],"presets":[],"is_first_game":true,"played_time":0,"last_login_time":"2026-06-11 01:27:05"}
[GlobalPlayerData] Profile synced from server
[GlobalPlayerData] Syncing Backpack: 0 items
[GlobalPlayerData] Syncing Stash: 0 items
[NANO-NET] Route: Room.List Msg: []
[NANO-NET] Room list updated, count: 0
[USER] Session cleared.
[NANO-NET] Network state reset.
[NANO-NET] Manual disconnect requested.
[UIManager] Switching to scene: login
[NANO-NET] Handshake received, sending ACK...
[NANO-NET] Sending guest login request with device_id: 70ee8f05-e17b-4a13-b62f-3bd06c4778f9
[NANO-NET] Route: User.GuestLogin Msg: {"id":5,"name":"勇者_EKDVUS","coins":500,"data":{"id":5,"name":"勇者_EKDVUS","coins":500,"inventory":[],"backpack_config":[],"presets":[],"is_first_game":false,"played_time":0,"last_login_time":"2026-06-11 01:27:08"}}
[USER] Session authenticated successfully for user: 勇者_EKDVUS
[GlobalPlayerData] Profile synced from server
[GlobalPlayerData] Syncing Backpack: 0 items
[GlobalPlayerData] Syncing Stash: 0 items
[UIManager] Switching to scene: lobby
[NANO-NET] Route: User.GetProfile Msg: {"id":5,"name":"勇者_EKDVUS","coins":500,"inventory":[],"backpack_config":[],"presets":[],"is_first_game":false,"played_time":0,"last_login_time":"2026-06-11 01:27:08"}
[GlobalPlayerData] Profile synced from server
[GlobalPlayerData] Syncing Backpack: 0 items
[GlobalPlayerData] Syncing Stash: 0 items
[NANO-NET] Route: Room.List Msg: []
[NANO-NET] Room list updated, count: 0
[USER] Session cleared.
[NANO-NET] Network state reset.
[NANO-NET] Manual disconnect requested.
[UIManager] Switching to scene: login
[NANO-NET] Application focus out. (Desktop platform, keeping connection active)
[NANO-NET] Application focus in. Checking connection stability...
[NANO-NET] Window close requested — sending graceful Room.Leave...
McpInteractionServer: Stopped
